<<<<<<< HEAD
2026-04-22 20:58:37 - INFO - ==================================================================
2026-04-22 20:58:37 - INFO -   🚀 [悦享生活服务平台] 核心业务接口自动化测试管线开始执行...
2026-04-22 20:58:37 - INFO - ==================================================================
2026-04-22 20:58:37 - INFO - ==================================================================
2026-04-22 20:58:37 - INFO -   🏁 [悦享生活服务平台] 自动化测试用例执行完毕，正在关闭环境...
2026-04-22 20:58:37 - INFO - ==================================================================
=======
2026-04-17 14:25:33 - INFO - ==================================================================
2026-04-17 14:25:33 - INFO -   🚀 [悦享生活服务平台] 核心业务接口自动化测试管线开始执行...
2026-04-17 14:25:33 - INFO - ==================================================================
2026-04-17 14:25:33 - INFO - ==================================================================
2026-04-17 14:25:33 - INFO -   🏁 [悦享生活服务平台] 自动化测试用例执行完毕，正在关闭环境...
2026-04-17 14:25:33 - INFO - ==================================================================
>>>>>>> de72035044dac318814799aaca4b667f60dcd217
